../Core/Src/main.c:62:5:__io_putchar	16	static
../Core/Src/main.c:70:6:jumpAssembly	16	static,ignoring_inline_asm
../Core/Src/main.c:76:6:print_continuously	24	static
../Core/Src/main.c:85:6:print_again	32	static
../Core/Src/main.c:96:6:newthing	24	static
../Core/Src/main.c:105:6:againthing	24	static
../Core/Src/main.c:115:6:print_thread_id	24	static
../Core/Src/main.c:124:6:print_thread_id_urgent	24	static
../Core/Src/main.c:131:6:print_thread_id_1	24	static
../Core/Src/main.c:140:6:print_thread_id_urgent_1	24	static
../Core/Src/main.c:163:5:main	48	static
../Core/Src/main.c:276:6:SystemClock_Config	88	static
../Core/Src/main.c:323:13:MX_USART2_UART_Init	8	static
../Core/Src/main.c:356:13:MX_GPIO_Init	48	static
../Core/Src/main.c:396:6:Error_Handler	4	static,ignoring_inline_asm
